
> acueductos-backend@1.0.0 build
> nest build

